# Copyright (c) Microsoft Corporation.
# SPDX-License-Identifier: Apache-2.0 WITH LLVM-exception

tests\algorithm
tests\array
tests\atomic
tests\bitset
tests\cctype
tests\cerrno
tests\cfloat
tests\chrono
tests\ciso646
tests\climits
tests\clocale
tests\cmath1
tests\cmath2
tests\cmath3
tests\codecvt
tests\complex1
tests\complex2
tests\complex3
tests\csetjmp
tests\csignal
tests\cstdarg
tests\cstdbool
tests\cstddef
tests\cstdint
tests\cstdio
tests\cstring
tests\ctime
tests\cwchar1
tests\cwchar2
tests\cwctype
tests\deque
tests\exception
tests\filesystem1
tests\forward_list
tests\fstream1
tests\fstream2
tests\functional
tests\functional1
tests\functional2
tests\functional3
tests\functional4
tests\functional5
tests\functional6
tests\functional7
tests\functional7a
tests\functional8
tests\functional9
tests\future
tests\future1
tests\initializer_list
tests\iomanip
tests\ios
tests\iosfwd
tests\iostream1
tests\istream1
tests\istream2
tests\iterator
tests\limits
tests\list
tests\locale1
tests\locale2
tests\locale3
tests\locale4
tests\locale7
tests\locale8
tests\map
tests\memory
tests\memory1
tests\memory2
tests\memory3
tests\new
tests\numeric
tests\ostream1
tests\ostream2
tests\queue
tests\random1
tests\random2
tests\random4
tests\random5
tests\random6
tests\ratio
tests\regex1
tests\regex2
tests\regex3
tests\regex4
tests\scoped_allocator
tests\set
tests\sstream1
tests\sstream2
tests\stack
tests\stdexcept
tests\streambuf1
tests\streambuf2
tests\string1
tests\string2
tests\strstream
tests\system_error
tests\tuple
tests\type_traits1
tests\type_traits2
tests\type_traits3
tests\type_traits4
tests\type_traits5
tests\type_traits6
tests\type_traits7
tests\typeindex
tests\typeinfo
tests\unordered_map
tests\unordered_set
tests\utility
tests\utility1
tests\valarray
tests\vector
