# Copyright (c) Microsoft Corporation.
# SPDX-License-Identifier: Apache-2.0 WITH LLVM-exception

tests\algorithm
tests\array
tests\atomic
tests\bitset
tests\cctype
tests\cerrno
tests\cfloat
tests\chrono
tests\ciso646
tests\climits
tests\clocale
tests\cmath1
tests\cmath2
tests\cmath3
tests\codecvt
tests\complex1
tests\complex2
tests\complex3
tests\csetjmp
tests\csignal
tests\cstdarg
tests\cstdbool
tests\cstddef
tests\cstdint
tests\cstdio
tests\cstring
tests\ctime
tests\cvt\8859_1
tests\cvt\8859_10
tests\cvt\8859_13
tests\cvt\8859_14
tests\cvt\8859_15
tests\cvt\8859_16
tests\cvt\8859_2
tests\cvt\8859_3
tests\cvt\8859_4
tests\cvt\8859_5
tests\cvt\8859_6
tests\cvt\8859_7
tests\cvt\8859_8
tests\cvt\8859_9
tests\cvt\baltic
tests\cvt\big5
tests\cvt\cp037
tests\cvt\cp1006
tests\cvt\cp1026
tests\cvt\cp1250
tests\cvt\cp1251
tests\cvt\cp1252
tests\cvt\cp1253
tests\cvt\cp1254
tests\cvt\cp1255
tests\cvt\cp1256
tests\cvt\cp1257
tests\cvt\cp1258
tests\cvt\cp424
tests\cvt\cp437
tests\cvt\cp500
tests\cvt\cp737
tests\cvt\cp775
tests\cvt\cp850
tests\cvt\cp852
tests\cvt\cp855
tests\cvt\cp856
tests\cvt\cp857
tests\cvt\cp860
tests\cvt\cp861
tests\cvt\cp862
tests\cvt\cp863
tests\cvt\cp864
tests\cvt\cp865
tests\cvt\cp866
tests\cvt\cp869
tests\cvt\cp874
tests\cvt\cp875
tests\cvt\cp932
tests\cvt\cp936
tests\cvt\cp949
tests\cvt\cp950
tests\cvt\cyrillic
tests\cvt\ebcdic
tests\cvt\euc
tests\cvt\euc_0208
tests\cvt\gb12345
tests\cvt\gb2312
tests\cvt\greek
tests\cvt\iceland
tests\cvt\jis
tests\cvt\jis_0208
tests\cvt\jis0201
tests\cvt\ksc5601
tests\cvt\latin2
tests\cvt\one_one
tests\cvt\roman
tests\cvt\sjis
tests\cvt\sjis_0208
tests\cvt\turkish
tests\cvt\utf16
tests\cvt\utf8
tests\cvt\utf8_utf16
tests\cvt\wbuffer
tests\cvt\wstring
tests\cwchar1
tests\cwchar2
tests\cwctype
tests\deque
tests\exception
tests\filesystem1
tests\forward_list
tests\fstream1
tests\fstream2
tests\functional
tests\functional1
tests\functional2
tests\functional3
tests\functional4
tests\functional5
tests\functional6
tests\functional7
tests\functional7a
tests\functional8
tests\functional9
tests\future
tests\future1
tests\hash_map
tests\hash_set
tests\initializer_list
tests\iomanip
tests\ios
tests\iosfwd
tests\iostream1
tests\istream1
tests\istream2
tests\iterator
tests\limits
tests\list
tests\locale1
tests\locale2
tests\locale3
tests\locale4
tests\locale7
tests\locale8
tests\map
tests\memory
tests\memory1
tests\memory2
tests\memory3
tests\new
tests\numeric
tests\ostream1
tests\ostream2
tests\queue
tests\random1
tests\random2
tests\random4
tests\random5
tests\random6
tests\ratio
tests\regex1
tests\regex2
tests\regex3
tests\regex4
tests\scoped_allocator
tests\set
tests\sstream1
tests\sstream2
tests\stack
tests\stdexcept
tests\streambuf1
tests\streambuf2
tests\string1
tests\string2
tests\strstream
tests\system_error
tests\tuple
tests\type_traits1
tests\type_traits2
tests\type_traits3
tests\type_traits4
tests\type_traits5
tests\type_traits6
tests\type_traits7
tests\typeindex
tests\typeinfo
tests\unordered_map
tests\unordered_set
tests\utility
tests\utility1
tests\valarray
tests\vector
