# Copyright (c) Microsoft Corporation.
# SPDX-License-Identifier: Apache-2.0 WITH LLVM-exception

tests\Dev08_496675_iostream_int_reading
tests\Dev08_527068_scl_no_exceptions
tests\Dev08_563686_ostream
tests\Dev08_563705_std_malloc_free
tests\Dev08_576265_list_remove
tests\Dev08_584299_search_n
tests\Dev09_012361_vector_swap
tests\Dev09_052961_has_iterator_debugging_0
tests\Dev09_056375_locale_cleanup
tests\Dev09_098637_stl_function_typeids
tests\Dev09_119637_throwing_string_with_hid0
tests\Dev09_119644_compiler_option_gz
tests\Dev09_126254_persistent_aux_allocators
tests\Dev09_130060_unique_copy
tests\Dev09_152755_tr1_nested_bind
tests\Dev09_153419_tr1_allocators
tests\Dev09_154033_tr1_predicate_search_n
tests\Dev09_155328_tr1_vector_of_set
tests\Dev09_158181_tr1_unordered_meow_swap
tests\Dev09_158457_tr1_mem_fn_calling_conventions
tests\Dev09_161106_tr1_bind_templated_fxn_call_operator
tests\Dev09_165853_tr1_tuple_swap
tests\Dev09_171205_tr1_assign_pair_to_tuple
tests\Dev09_172497_tr1_mem_fn_const_correctness
tests\Dev09_172505_tr1_bind_reference_wrapper
tests\Dev09_172666_tr1_tuple_odr
tests\Dev09_173612_tr1_regex_leak
tests\Dev09_174589_tr1_function_storing_pmf_called_with_reference_or_pointer
tests\Dev09_175314_tr1_reference_wrapper_assignment
tests\Dev09_175716_tr1_dereferencing_reference_wrapper
tests\Dev09_176467_tr1_make_tuple_from_string_literal
tests\Dev09_176498_tr1_binding_functors_with_non_const_fxn_call_ops
tests\Dev09_181509_tr1_inf_loop_uniform_int_ull
tests\Dev09_182017_tr1_search_n
tests\Dev09_186118_stoullx_corner_cases
tests\Dev09_192736_tr1_prngs_not_copyconstructible
tests\Dev09_195561_tr1_function_const_op
tests\Dev09_196243_tr1_enable_shared_from_this_ops
tests\Dev09_199123_tr1_mem_fun_abstract_classes
tests\Dev10_391723_bind_result_type
tests\Dev10_414242_facet_bug_use_facet_ctype_char
tests\Dev10_441756_function_reference_wrapper
tests\Dev10_445289_make_shared
tests\Dev10_470547_facet_bug_stringstream
tests\Dev10_482830_header_only_string
tests\Dev10_491486_floating_point_hash
tests\Dev10_492345_tr1_function_swap
tests\Dev10_498944_enable_shared_from_this_auto_ptr
tests\Dev10_500860_overloaded_address_of
tests\Dev10_544258_heterogeneous_comparisons
tests\Dev10_555491_complex_linker_errors
tests\Dev10_561430_list_and_tree_leaks
tests\Dev10_562056_tree_leak
tests\Dev10_563443_empty_vector_begin_plus_zero
tests\Dev10_567556_move_from_empty_list
tests\Dev10_579381_vector_grow_to
tests\Dev10_590599_hash_string
tests\Dev10_609053_ctype_char_table_size
tests\Dev10_617014_tuple_tie
tests\Dev10_632876_regex_proxy
tests\Dev10_635436_shared_ptr_reset
tests\Dev10_639436_const_map_at
tests\Dev10_646244_bad_alloc_message
tests\Dev10_646556_construct_tuple_from_const
tests\Dev10_654977_655012_shared_ptr_move
tests\Dev10_661739_tuple_copy_ctors
tests\Dev10_682964_stable_sort_warnings
tests\Dev10_689595_back_inserter_vector_bool
tests\Dev10_709166_checked_and_unchecked_array_iterator
tests\Dev10_709168_marking_iterators_as_checked
tests\Dev10_722102_shared_ptr_nullptr
tests\Dev10_729003_bind_reference_wrapper
tests\Dev10_766948_insert_ambiguity
tests\Dev10_780098_movable_elements
tests\Dev10_783436_rvalue_string_plus
tests\Dev10_809142_copy_n_istream_iterator
tests\Dev10_814245_regex_character_class_crash
tests\Dev10_816787_swap_vector_bool_elements
tests\Dev10_847656_shared_ptr_is_convertible
tests\Dev10_851347_weak_ptr_virtual_inheritance
tests\Dev10_860410_bitset_ctors
tests\Dev10_860421_deque_push_back_pop_front
tests\Dev10_881629_vector_erase_return_value
tests\Dev10_904413_moved_from_function_should_be_empty
tests\Dev10_905461_is_sorted_until
tests\Dev10_908702_string_memory_leak
tests\Dev10_909646_stringstream_vd2
tests\Dev11_0000000_dual_range_algorithms
tests\Dev11_0000000_function_crashes
tests\Dev11_0000000_include_each_header_alone
tests\Dev11_0000000_null_forward_iterators
tests\Dev11_0000000_quoted
tests\Dev11_0000000_rotate_test
tests\Dev11_0000000_tuple_cat
tests\Dev11_0000000_user_defined_literals
tests\Dev11_0019127_singular_iterators
tests\Dev11_0091392_string_erase_resize_perf
tests\Dev11_0133625_locale0_implib_cpp
tests\Dev11_0135139_vector_bool_comparisons
tests\Dev11_0235721_async_and_packaged_task
tests\Dev11_0253803_debug_pointer
tests\Dev11_0272959_make_signed
tests\Dev11_0289403_partition_point_complexity
tests\Dev11_0299014_exception_ptr_requirements
tests\Dev11_0302476_pair_move
tests\Dev11_0314451_make_pair_make_tuple
tests\Dev11_0316853_find_memchr_optimization
tests\Dev11_0343056_pair_tuple_ctor_sfinae
tests\Dev11_0376122_grand_theft_bind
tests\Dev11_0377755_thread_ctor_move_only_types
tests\Dev11_0387701_container_equality
tests\Dev11_0417110_nullptr_t_is_scalar
tests\Dev11_0435439_call_once_deadlock
tests\Dev11_0437519_container_behavior
tests\Dev11_0437519_container_requirements
tests\Dev11_0447546_facet_allocation
tests\Dev11_0453373_codecvt_compiles
tests\Dev11_0483851_vector_debug_allocator_use
tests\Dev11_0485243_condition_variable_crash
tests\Dev11_0493504_error_category_lifetime
tests\Dev11_0494593_time_put_wchar_t
tests\Dev11_0496153_locale_ctor
tests\Dev11_0532622_minmax_element
tests\Dev11_0535636_functional_overhaul
tests\Dev11_0555154_system_clock_to_time_t
tests\Dev11_0577418_random_seed_0
tests\Dev11_0579795_inplace_merge_out_of_memory
tests\Dev11_0607540_pair_tuple_rvalue_references
tests\Dev11_0617384_empty_std_function
tests\Dev11_0653897_codecvt_partial
tests\Dev11_0671816_list_splice
tests\Dev11_0696045_future_wait_for
tests\Dev11_0704582_ratio
tests\Dev11_0732166_unordered_strong_guarantee
tests\Dev11_0748972_function_crash_out_of_memory
tests\Dev11_0823534_transparent_lookup
tests\Dev11_0835323_to_string
tests\Dev11_0836436_get_time
tests\Dev11_0845312_comprehensive_floating_point
tests\Dev11_0863628_atomic_compare_exchange
tests\Dev11_0920385_list_sort_allocator
tests\Dev11_1003120_search_test
tests\Dev11_1066589_shared_ptr_atomic_deadlock
tests\Dev11_1066931_filesystem_rename_noop
tests\Dev11_1074023_constexpr
tests\Dev11_1086953_call_once_overhaul
tests\Dev11_1114006_condition_variable_pred
tests\Dev11_1127004_future_has_exceptions_0
tests\Dev11_1131212_uncaught_exceptions
tests\Dev11_1137366_nested_exception
tests\Dev11_1140665_unique_ptr_array_conversions
tests\Dev11_1150223_shared_mutex
tests\Dev11_1158803_regex_thread_safety
tests\Dev11_1180290_filesystem_error_code
tests\GH_000342_filebuf_close
tests\GH_000431_copy_move_family
tests\GH_000431_equal_family
tests\GH_000431_equal_memcmp_is_safe
tests\GH_000431_iter_copy_move_cat
tests\GH_000431_lex_compare_family
tests\GH_000431_lex_compare_memcmp_classify
tests\GH_000442_random_subtract_with_carry_engine_io
tests\GH_000457_system_error_message
tests\GH_000545_include_compare
tests\GH_000625_vector_bool_optimization
tests\GH_000685_condition_variable_any
tests\GH_000690_overaligned_function
tests\GH_000890_pow_template
tests\GH_000935_complex_numerical_accuracy
tests\GH_000940_missing_valarray_copy
tests\GH_001001_random_rejection_rounding
tests\GH_001010_filesystem_error_encoding
tests\GH_001017_discrete_distribution_out_of_range
tests\GH_001059_hyperbolic_truncation
tests\GH_001086_partial_sort_copy
tests\GH_001103_countl_zero_correctness
tests\GH_001105_custom_streambuf_throws
tests\GH_001123_random_cast_out_of_range
tests\GH_001411_core_headers
tests\GH_001530_binomial_accuracy
tests\GH_001541_case_sensitive_boolalpha
tests\GH_001638_dllexport_derived_classes
tests\GH_001850_clog_tied_to_cout
tests\GH_001858_iostream_exception
tests\GH_001914_cached_position
tests\GH_002039_byte_is_not_trivially_swappable
tests\GH_002058_debug_iterator_race
tests\GH_002120_streambuf_seekpos_and_seekoff
tests\LWG2597_complex_branch_cut
tests\LWG3018_shared_ptr_function
tests\LWG3422_seed_seq_ctors
tests\LWG3480_directory_iterator_range
tests\P0019R8_atomic_ref
tests\P0024R2_parallel_algorithms_adjacent_difference
tests\P0024R2_parallel_algorithms_adjacent_find
tests\P0024R2_parallel_algorithms_all_of
tests\P0024R2_parallel_algorithms_count
tests\P0024R2_parallel_algorithms_equal
tests\P0024R2_parallel_algorithms_exclusive_scan
tests\P0024R2_parallel_algorithms_find
tests\P0024R2_parallel_algorithms_find_end
tests\P0024R2_parallel_algorithms_find_first_of
tests\P0024R2_parallel_algorithms_for_each
tests\P0024R2_parallel_algorithms_inclusive_scan
tests\P0024R2_parallel_algorithms_is_heap
tests\P0024R2_parallel_algorithms_is_partitioned
tests\P0024R2_parallel_algorithms_is_sorted
tests\P0024R2_parallel_algorithms_mismatch
tests\P0024R2_parallel_algorithms_partition
tests\P0024R2_parallel_algorithms_reduce
tests\P0024R2_parallel_algorithms_remove
tests\P0024R2_parallel_algorithms_replace
tests\P0024R2_parallel_algorithms_search
tests\P0024R2_parallel_algorithms_search_n
tests\P0024R2_parallel_algorithms_set_difference
tests\P0024R2_parallel_algorithms_set_intersection
tests\P0024R2_parallel_algorithms_sort
tests\P0024R2_parallel_algorithms_stable_sort
tests\P0024R2_parallel_algorithms_transform
tests\P0024R2_parallel_algorithms_transform_exclusive_scan
tests\P0024R2_parallel_algorithms_transform_inclusive_scan
tests\P0024R2_parallel_algorithms_transform_reduce
tests\P0035R4_over_aligned_allocation
tests\P0040R3_extending_memory_management_tools
tests\P0053R7_cpp_synchronized_buffered_ostream
tests\P0067R5_charconv
tests\P0083R3_splicing_maps_and_sets
tests\P0088R3_variant
tests\P0092R1_polishing_chrono
tests\P0122R7_span
tests\P0122R7_span_death
tests\P0137R1_launder
tests\P0156R2_scoped_lock
tests\P0202R3_constexpr_algorithm_and_exchange
tests\P0218R1_filesystem
tests\P0220R1_any
tests\P0220R1_optional
tests\P0220R1_optional_death
tests\P0220R1_polymorphic_memory_resources
tests\P0220R1_sample
tests\P0220R1_searchers
tests\P0220R1_string_view
tests\P0325R4_to_array
tests\P0339R6_polymorphic_allocator
tests\P0355R7_calendars_and_time_zones_clocks
tests\P0355R7_calendars_and_time_zones_dates
tests\P0355R7_calendars_and_time_zones_dates_literals
tests\P0355R7_calendars_and_time_zones_formatting
tests\P0355R7_calendars_and_time_zones_hms
tests\P0355R7_calendars_and_time_zones_io
tests\P0355R7_calendars_and_time_zones_time_point_and_durations
tests\P0355R7_calendars_and_time_zones_time_zones
tests\P0355R7_calendars_and_time_zones_zoned_time
tests\P0356R5_bind_front
tests\P0357R3_supporting_incomplete_types_in_reference_wrapper
tests\P0401R6_allocate_at_least
tests\P0408R7_efficient_access_to_stringbuf_buffer
tests\P0414R2_shared_ptr_for_arrays
tests\P0415R1_constexpr_complex
tests\P0426R1_constexpr_char_traits
tests\P0433R2_deduction_guides
tests\P0448R4_iosfwd
tests\P0448R4_spanstream
tests\P0466R5_layout_compatibility_and_pointer_interconvertibility_traits
tests\P0475R1_P0591R4_uses_allocator_construction
tests\P0476R2_bit_cast
tests\P0487R1_fixing_operator_shl_basic_istream_char_pointer
tests\P0513R0_poisoning_the_hash
tests\P0528R3_cmpxchg_pad
tests\P0553R4_bit_rotating_and_counting_functions
tests\P0556R3_bit_integral_power_of_two_operations
tests\P0586R2_integer_comparison
tests\P0595R2_is_constant_evaluated
tests\P0607R0_inline_variables
tests\P0608R3_improved_variant_converting_constructor
tests\P0616R0_using_move_in_numeric
tests\P0631R8_numbers_math_constants
tests\P0645R10_text_formatting_args
tests\P0645R10_text_formatting_custom_formatting
tests\P0645R10_text_formatting_death
tests\P0645R10_text_formatting_formatting
tests\P0645R10_text_formatting_legacy_text_encoding
tests\P0645R10_text_formatting_parse_contexts
tests\P0645R10_text_formatting_parsing
tests\P0645R10_text_formatting_utf8
tests\P0660R10_jthread_and_cv_any
tests\P0660R10_stop_token
tests\P0660R10_stop_token_death
tests\P0674R1_make_shared_for_arrays
tests\P0718R2_atomic_smart_ptrs
tests\P0753R2_manipulators_for_cpp_synchronized_buffered_ostream
tests\P0758R1_is_nothrow_convertible
tests\P0768R1_spaceship_cpos
tests\P0768R1_spaceship_operator
tests\P0769R2_shift_left_shift_right
tests\P0784R7_library_machinery
tests\P0784R7_library_support_for_more_constexpr_containers
tests\P0811R3_midpoint_lerp
tests\P0896R4_common_iterator
tests\P0896R4_common_iterator_death
tests\P0896R4_counted_iterator
tests\P0896R4_counted_iterator_death
tests\P0896R4_istream_view
tests\P0896R4_istream_view_death
tests\P0896R4_P1614R2_comparisons
tests\P0896R4_ranges_alg_adjacent_find
tests\P0896R4_ranges_alg_all_of
tests\P0896R4_ranges_alg_any_of
tests\P0896R4_ranges_alg_binary_search
tests\P0896R4_ranges_alg_copy
tests\P0896R4_ranges_alg_copy_backward
tests\P0896R4_ranges_alg_copy_if
tests\P0896R4_ranges_alg_copy_n
tests\P0896R4_ranges_alg_count
tests\P0896R4_ranges_alg_count_if
tests\P0896R4_ranges_alg_equal
tests\P0896R4_ranges_alg_fill
tests\P0896R4_ranges_alg_fill_n
tests\P0896R4_ranges_alg_find
tests\P0896R4_ranges_alg_find_end
tests\P0896R4_ranges_alg_find_first_of
tests\P0896R4_ranges_alg_find_if
tests\P0896R4_ranges_alg_find_if_not
tests\P0896R4_ranges_alg_for_each
tests\P0896R4_ranges_alg_for_each_n
tests\P0896R4_ranges_alg_generate
tests\P0896R4_ranges_alg_generate_n
tests\P0896R4_ranges_alg_heap
tests\P0896R4_ranges_alg_includes
tests\P0896R4_ranges_alg_inplace_merge
tests\P0896R4_ranges_alg_is_permutation
tests\P0896R4_ranges_alg_is_sorted
tests\P0896R4_ranges_alg_lexicographical_compare
tests\P0896R4_ranges_alg_merge
tests\P0896R4_ranges_alg_minmax
tests\P0896R4_ranges_alg_mismatch
tests\P0896R4_ranges_alg_move
tests\P0896R4_ranges_alg_move_backward
tests\P0896R4_ranges_alg_none_of
tests\P0896R4_ranges_alg_nth_element
tests\P0896R4_ranges_alg_partial_sort
tests\P0896R4_ranges_alg_partial_sort_copy
tests\P0896R4_ranges_alg_partition
tests\P0896R4_ranges_alg_partition_copy
tests\P0896R4_ranges_alg_partition_point
tests\P0896R4_ranges_alg_permutations
tests\P0896R4_ranges_alg_remove
tests\P0896R4_ranges_alg_remove_copy
tests\P0896R4_ranges_alg_remove_copy_if
tests\P0896R4_ranges_alg_remove_if
tests\P0896R4_ranges_alg_replace
tests\P0896R4_ranges_alg_replace_copy
tests\P0896R4_ranges_alg_replace_copy_if
tests\P0896R4_ranges_alg_replace_if
tests\P0896R4_ranges_alg_reverse
tests\P0896R4_ranges_alg_reverse_copy
tests\P0896R4_ranges_alg_rotate
tests\P0896R4_ranges_alg_rotate_copy
tests\P0896R4_ranges_alg_sample
tests\P0896R4_ranges_alg_search
tests\P0896R4_ranges_alg_search_n
tests\P0896R4_ranges_alg_set_difference
tests\P0896R4_ranges_alg_set_intersection
tests\P0896R4_ranges_alg_set_symmetric_difference
tests\P0896R4_ranges_alg_set_union
tests\P0896R4_ranges_alg_shuffle
tests\P0896R4_ranges_alg_sort
tests\P0896R4_ranges_alg_stable_partition
tests\P0896R4_ranges_alg_stable_sort
tests\P0896R4_ranges_alg_swap_ranges
tests\P0896R4_ranges_alg_transform_binary
tests\P0896R4_ranges_alg_transform_unary
tests\P0896R4_ranges_alg_uninitialized_copy
tests\P0896R4_ranges_alg_uninitialized_copy_n
tests\P0896R4_ranges_alg_uninitialized_default_construct
tests\P0896R4_ranges_alg_uninitialized_default_construct_n
tests\P0896R4_ranges_alg_uninitialized_fill
tests\P0896R4_ranges_alg_uninitialized_fill_n
tests\P0896R4_ranges_alg_uninitialized_move
tests\P0896R4_ranges_alg_uninitialized_move_n
tests\P0896R4_ranges_alg_uninitialized_value_construct
tests\P0896R4_ranges_alg_uninitialized_value_construct_n
tests\P0896R4_ranges_alg_unique
tests\P0896R4_ranges_alg_unique_copy
tests\P0896R4_ranges_algorithm_machinery
tests\P0896R4_ranges_iterator_machinery
tests\P0896R4_ranges_range_machinery
tests\P0896R4_ranges_ref_view
tests\P0896R4_ranges_subrange
tests\P0896R4_ranges_test_machinery
tests\P0896R4_ranges_to_address
tests\P0896R4_stream_iterators
tests\P0896R4_views_all
tests\P0896R4_views_common
tests\P0896R4_views_counted
tests\P0896R4_views_counted_death
tests\P0896R4_views_drop
tests\P0896R4_views_drop_while
tests\P0896R4_views_drop_while_death
tests\P0896R4_views_elements
tests\P0896R4_views_empty
tests\P0896R4_views_filter
tests\P0896R4_views_filter_death
tests\P0896R4_views_filter_iterator
tests\P0896R4_views_iota
tests\P0896R4_views_join
tests\P0896R4_views_lazy_split
tests\P0896R4_views_reverse
tests\P0896R4_views_single
tests\P0896R4_views_split
tests\P0896R4_views_take
tests\P0896R4_views_take_while
tests\P0896R4_views_take_while_death
tests\P0896R4_views_transform
tests\P0896R4_views_transform_death
tests\P0898R3_concepts
tests\P0898R3_identity
tests\P0912R5_coroutine
tests\P0919R3_heterogeneous_unordered_lookup
tests\P0943R6_stdatomic_h
tests\P0966R1_string_reserve_should_not_shrink
tests\P0980R1_constexpr_strings
tests\P1004R2_constexpr_vector
tests\P1004R2_constexpr_vector_bool
tests\P1007R3_assume_aligned
tests\P1020R1_smart_pointer_for_overwrite
tests\P1023R0_constexpr_for_array_comparisons
tests\P1032R1_miscellaneous_constexpr
tests\P1132R7_out_ptr
tests\P1135R6_atomic_flag_test
tests\P1135R6_atomic_wait
tests\P1135R6_atomic_wait_vista
tests\P1135R6_barrier
tests\P1135R6_latch
tests\P1135R6_semaphore
tests\P1147R1_printing_volatile_pointers
tests\P1165R1_consistently_propagating_stateful_allocators
tests\P1208R6_source_location
tests\P1272R4_byteswap
tests\P1423R3_char8_t_remediation
tests\P1425R4_queue_stack_constructors
tests\P1502R1_standard_library_header_units
tests\P1518R2_stop_overconstraining_allocators
tests\P1614R2_spaceship
tests\P1645R1_constexpr_numeric
tests\P1659R3_ranges_alg_ends_with
tests\P1659R3_ranges_alg_starts_with
tests\P1682R3_to_underlying
tests\P1951R1_default_arguments_pair_forward_ctor
tests\P2136R3_invoke_r
tests\P2162R2_std_visit_for_derived_classes_from_variant
tests\P2231R1_complete_constexpr_optional_variant
tests\P2401R0_conditional_noexcept_for_exchange
tests\P2415R2_owning_view
tests\VSO_0000000_allocator_propagation
tests\VSO_0000000_any_calling_conventions
tests\VSO_0000000_c_math_functions
tests\VSO_0000000_condition_variable_any_exceptions
tests\VSO_0000000_container_allocator_constructors
tests\VSO_0000000_exception_ptr_rethrow_seh
tests\VSO_0000000_fancy_pointers
tests\VSO_0000000_has_static_rtti
tests\VSO_0000000_initialize_everything
tests\VSO_0000000_instantiate_algorithms_16_difference_type_1
tests\VSO_0000000_instantiate_algorithms_16_difference_type_2
tests\VSO_0000000_instantiate_algorithms_32_difference_type_1
tests\VSO_0000000_instantiate_algorithms_32_difference_type_2
tests\VSO_0000000_instantiate_algorithms_64_difference_type_1
tests\VSO_0000000_instantiate_algorithms_64_difference_type_2
tests\VSO_0000000_instantiate_algorithms_int_1
tests\VSO_0000000_instantiate_algorithms_int_2
tests\VSO_0000000_instantiate_algorithms_nontrivial_1
tests\VSO_0000000_instantiate_algorithms_nontrivial_2
tests\VSO_0000000_instantiate_containers
tests\VSO_0000000_instantiate_cvt
tests\VSO_0000000_instantiate_iterators_misc
tests\VSO_0000000_instantiate_type_traits
tests\VSO_0000000_list_iterator_debugging
tests\VSO_0000000_list_unique_self_reference
tests\VSO_0000000_matching_npos_address
tests\VSO_0000000_more_pair_tuple_sfinae
tests\VSO_0000000_nullptr_stream_out
tests\VSO_0000000_oss_workarounds
tests\VSO_0000000_path_stream_parameter
tests\VSO_0000000_regex_interface
tests\VSO_0000000_regex_use
tests\VSO_0000000_string_view_idl
tests\VSO_0000000_type_traits
tests\VSO_0000000_vector_algorithms
tests\VSO_0000000_wcfb01_idempotent_container_destructors
tests\VSO_0000000_wchar_t_filebuf_xsmeown
tests\VSO_0095468_clr_exception_ptr_bad_alloc
tests\VSO_0095837_current_exception_dtor
tests\VSO_0099869_pow_float_overflow
tests\VSO_0102478_moving_allocators
tests\VSO_0104705_throwing_copy_in_current_exception
tests\VSO_0104705_throwing_copy_in_current_exception_seh
tests\VSO_0105317_expression_sfinae
tests\VSO_0118461_min_max_noexcept
tests\VSO_0121275_filesystem_canonical_should_handle_many_double_dots
tests\VSO_0121440_is_iterator_iterator_traits
tests\VSO_0131167_associative_emplacement_allocations
tests\VSO_0135428_custom_char_traits_string
tests\VSO_0144114_sleep_until
tests\VSO_0144294_unordered_map_max_bucket_count
tests\VSO_0149983_system_error_broken_pipe
tests\VSO_0157762_feature_test_macros
tests\VSO_0174871_string_replace
tests\VSO_0180466_algorithm_overhauls
tests\VSO_0180469_fill_family
tests\VSO_0191296_allocator_construct
tests\VSO_0204655_heap_algorithms_integer_overflow
tests\VSO_0224478_scoped_allocator
tests\VSO_0226079_mutex
tests\VSO_0234888_num_get_overflows
tests\VSO_0299624_checked_array_iterator_idl
tests\VSO_0397980_codecvt_length
tests\VSO_0429900_fast_debug_range_based_for
tests\VSO_0474901_shift_jis_codecvt
tests\VSO_0493909_is_aggregate
tests\VSO_0512710_terminate_current_exception_from_noexcept_function
tests\VSO_0512710_terminate_current_exception_from_noexcept_function_2
tests\VSO_0512710_terminate_current_exception_from_unwind
tests\VSO_0527559_pragma_managed
tests\VSO_0575109_string_ambiguous_overloads
tests\VSO_0599804_seekg_zero
tests\VSO_0644691_utf_8_codecvt
tests\VSO_0663136_string_includes_cctype
tests\VSO_0664587_lcg_divide_by_zero
tests\VSO_0677157_flist_merge_edge_cases
tests\VSO_0735700_fstream_read_over_4k
tests\VSO_0736657_unordered_assign_rehash
tests\VSO_0744055_atomic_load_8_bytes_readonly
tests\VSO_0792651_unordered_set_rehash_invalidates_key
tests\VSO_0830211_container_debugging_range_checks
tests\VSO_0849827_multicontainer_emplace_hint_position
tests\VSO_0938757_attribute_order
tests\VSO_0961751_hash_range_erase
tests\VSO_0971246_legacy_await_headers
