# Copyright (c) Microsoft Corporation.
# SPDX-License-Identifier: Apache-2.0 WITH LLVM-exception

RUNALL_INCLUDE .\prefix.lst
RUNALL_CROSSLIST
PM_CL="/w14640 /Zc:threadSafeInit- /EHsc /std:c++latest"
RUNALL_CROSSLIST
PM_CL="/MD /D_ITERATOR_DEBUG_LEVEL=0 /permissive- /Zc:noexceptTypes-"
PM_CL="/MD /D_ITERATOR_DEBUG_LEVEL=1 /permissive-"
PM_CL="/MD /D_ITERATOR_DEBUG_LEVEL=0 /permissive- /Zc:char8_t- /Zc:preprocessor"
PM_CL="/MDd /D_ITERATOR_DEBUG_LEVEL=0 /permissive- /Zc:wchar_t-"
PM_CL="/MDd /D_ITERATOR_DEBUG_LEVEL=1 /permissive-"
PM_CL="/MDd /D_ITERATOR_DEBUG_LEVEL=2 /permissive- /fp:except /Zc:preprocessor"
PM_CL="/MT /D_ITERATOR_DEBUG_LEVEL=0 /permissive-"
PM_CL="/MT /D_ITERATOR_DEBUG_LEVEL=0 /permissive- /analyze:only /analyze:autolog-"
PM_CL="/MT /D_ITERATOR_DEBUG_LEVEL=1 /permissive-"
PM_CL="/MTd /D_ITERATOR_DEBUG_LEVEL=0 /permissive- /fp:strict"
PM_CL="/MTd /D_ITERATOR_DEBUG_LEVEL=1 /permissive-"
PM_CL="/MTd /D_ITERATOR_DEBUG_LEVEL=2 /permissive"
PM_CL="/MTd /D_ITERATOR_DEBUG_LEVEL=2 /permissive- /analyze:only /analyze:autolog-"
# PM_CL="/permissive- /BE /c /MD"
# PM_CL="/permissive- /BE /c /MTd"
PM_COMPILER="clang-cl" PM_CL="-fno-ms-compatibility -fno-delayed-template-parsing /permissive- /MD"
PM_COMPILER="clang-cl" PM_CL="-fno-ms-compatibility -fno-delayed-template-parsing /permissive- /MTd /fp:strict"
