# Copyright (c) Microsoft Corporation.
# SPDX-License-Identifier: Apache-2.0 WITH LLVM-exception

# When updating this file, also update tests\P0645R10_text_formatting_legacy_text_encoding\env.lst
# and tests\GH_002558_format_presetPadding\env.lst to match

RUNALL_INCLUDE .\prefix.lst
RUNALL_CROSSLIST
PM_CL="/w14640 /Zc:threadSafeInit-"
RUNALL_CROSSLIST
PM_CL="/EHsc /MD /D_ITERATOR_DEBUG_LEVEL=0 /std:c++20 /permissive- /Zc:noexceptTypes-"
PM_CL="/EHsc /MD /D_ITERATOR_DEBUG_LEVEL=1 /std:c++latest /permissive-"
PM_CL="/EHsc /MD /D_ITERATOR_DEBUG_LEVEL=0 /std:c++latest /permissive- /Zc:char8_t- /Zc:preprocessor"
PM_CL="/EHsc /MDd /D_ITERATOR_DEBUG_LEVEL=0 /std:c++latest /permissive- /Zc:wchar_t-"
PM_CL="/EHsc /MDd /D_ITERATOR_DEBUG_LEVEL=1 /std:c++latest /permissive-"
PM_CL="/EHsc /MDd /D_ITERATOR_DEBUG_LEVEL=2 /std:c++20 /permissive- /fp:except /Zc:preprocessor"
PM_CL="/EHsc /MT /D_ITERATOR_DEBUG_LEVEL=0 /std:c++latest /permissive-"
PM_CL="/EHsc /MT /D_ITERATOR_DEBUG_LEVEL=0 /std:c++latest /permissive- /analyze:only /analyze:autolog-"
PM_CL="/EHsc /MT /D_ITERATOR_DEBUG_LEVEL=1 /std:c++latest /permissive-"
PM_CL="/EHsc /MTd /D_ITERATOR_DEBUG_LEVEL=0 /std:c++latest /permissive- /fp:strict"
PM_CL="/EHsc /MTd /D_ITERATOR_DEBUG_LEVEL=1 /std:c++latest /permissive-"
PM_CL="/EHsc /MTd /D_ITERATOR_DEBUG_LEVEL=2 /std:c++latest /permissive"
PM_CL="/EHsc /MTd /D_ITERATOR_DEBUG_LEVEL=2 /std:c++latest /permissive- /analyze:only /analyze:autolog-"
PM_CL="/clr /MD /std:c++20"
PM_CL="/clr /MDd /std:c++20"
# PM_CL="/std:c++20 /permissive- /BE /c /EHsc /MD"
# PM_CL="/std:c++latest /permissive- /BE /c /EHsc /MTd"
PM_COMPILER="clang-cl" PM_CL="-fno-ms-compatibility -fno-delayed-template-parsing -Wno-unqualified-std-cast-call /EHsc /std:c++20 /permissive- /MD"
PM_COMPILER="clang-cl" PM_CL="-fno-ms-compatibility -fno-delayed-template-parsing -Wno-unqualified-std-cast-call /EHsc /std:c++latest /permissive- /MTd /fp:strict"
PM_COMPILER="clang-cl" PM_CL="-fno-ms-compatibility -fno-delayed-template-parsing -Wno-unqualified-std-cast-call /EHsc /std:c++latest /permissive- /MT /fp:strict -fsanitize=undefined -fno-sanitize-recover=undefined"
