# Copyright (c) Microsoft Corporation.
# SPDX-License-Identifier: Apache-2.0 WITH LLVM-exception

# This is usual_matrix.lst, but without /clr:pure configurations.
# Without /clr:pure, we can factor out "/w14640 /Zc:threadSafeInit-" to simplify.

RUNALL_INCLUDE .\prefix.lst
RUNALL_CROSSLIST
*	PM_CL="/w14640 /Zc:threadSafeInit-"
RUNALL_CROSSLIST
PM_CL="/EHsc /MD /D_ITERATOR_DEBUG_LEVEL=0 /std:c++14"
ASAN	PM_CL="/EHsc /MD /std:c++14 -fsanitize=address /Zi" PM_LINK="/debug"
PM_CL="/EHsc /MD /D_ITERATOR_DEBUG_LEVEL=0 /std:c++17"
ASAN	PM_CL="/EHsc /MD /std:c++17 -fsanitize=address /Zi" PM_LINK="/debug"
PM_CL="/EHsc /MD /D_ITERATOR_DEBUG_LEVEL=0 /std:c++20"
ASAN	PM_CL="/EHsc /MD /std:c++20 -fsanitize=address /Zi" PM_LINK="/debug"
PM_CL="/EHsc /MD /D_ITERATOR_DEBUG_LEVEL=1 /std:c++latest /permissive- /Zc:noexceptTypes-"
ASAN	PM_CL="/EHsc /MD /std:c++latest /permissive- /Zc:noexceptTypes- -fsanitize=address /Zi" PM_LINK="/debug"
PM_CL="/EHsc /MD /D_ITERATOR_DEBUG_LEVEL=0 /std:c++latest /permissive- /Zc:char8_t- /Zc:preprocessor"
ASAN	PM_CL="/EHsc /MD /std:c++latest /permissive- /Zc:char8_t- /Zc:preprocessor -fsanitize=address /Zi" PM_LINK="/debug"
PM_CL="/EHsc /MDd /D_ITERATOR_DEBUG_LEVEL=0 /std:c++latest /permissive- /Zc:wchar_t-"
ASAN	PM_CL="/EHsc /MDd /std:c++latest /permissive- /Zc:wchar_t- -fsanitize=address /Zi" PM_LINK="/debug"
PM_CL="/EHsc /MDd /D_ITERATOR_DEBUG_LEVEL=1 /std:c++latest /permissive-"
ASAN	PM_CL="/EHsc /MDd /std:c++latest /permissive- -fsanitize=address /Zi" PM_LINK="/debug"
PM_CL="/EHsc /MDd /D_ITERATOR_DEBUG_LEVEL=2 /std:c++14 /fp:except /Zc:preprocessor"
ASAN	PM_CL="/EHsc /MDd /std:c++14 /fp:except /Zc:preprocessor -fsanitize=address /Zi" PM_LINK="/debug"
PM_CL="/EHsc /MDd /D_ITERATOR_DEBUG_LEVEL=2 /std:c++17 /permissive-"
ASAN	PM_CL="/EHsc /MDd /std:c++17 /permissive- -fsanitize=address /Zi" PM_LINK="/debug"
PM_CL="/EHsc /MDd /D_ITERATOR_DEBUG_LEVEL=2 /std:c++20 /permissive-"
ASAN	PM_CL="/EHsc /MDd /std:c++20 /permissive- -fsanitize=address /Zi" PM_LINK="/debug"
PM_CL="/EHsc /MT /D_ITERATOR_DEBUG_LEVEL=0 /std:c++latest /permissive-"
ASAN	PM_CL="/EHsc /MT /std:c++latest /permissive- -fsanitize=address /Zi" PM_LINK="/debug"
PM_CL="/EHsc /MT /D_ITERATOR_DEBUG_LEVEL=0 /std:c++latest /permissive- /analyze:only /analyze:autolog-"
ASAN	PM_CL="/EHsc /MT /std:c++latest /permissive- /analyze:only /analyze:autolog- -fsanitize=address /Zi" PM_LINK="/debug"
PM_CL="/EHsc /MT /D_ITERATOR_DEBUG_LEVEL=1 /std:c++latest /permissive-"
# No corresponding ASAN config, since the above differs from another config only in IDL
PM_CL="/EHsc /MTd /D_ITERATOR_DEBUG_LEVEL=0 /std:c++latest /permissive- /fp:strict"
ASAN	PM_CL="/EHsc /MTd /std:c++latest /permissive- /fp:strict -fsanitize=address /Zi" PM_LINK="/debug"
PM_CL="/EHsc /MTd /D_ITERATOR_DEBUG_LEVEL=1 /std:c++latest /permissive-"
ASAN	PM_CL="/EHsc /MTd /std:c++latest /permissive- -fsanitize=address /Zi" PM_LINK="/debug"
PM_CL="/EHsc /MTd /D_ITERATOR_DEBUG_LEVEL=2 /std:c++latest /permissive"
ASAN	PM_CL="/EHsc /MTd /std:c++latest /permissive -fsanitize=address /Zi" PM_LINK="/debug"
PM_CL="/EHsc /MTd /D_ITERATOR_DEBUG_LEVEL=2 /std:c++latest /permissive- /analyze:only /analyze:autolog-"
ASAN	PM_CL="/EHsc /MTd /std:c++latest /permissive- /analyze:only /analyze:autolog- -fsanitize=address /Zi" PM_LINK="/debug"
PM_CL="/clr /MD /std:c++20"
PM_CL="/clr /MDd /std:c++20"
PM_CL="/BE /c /EHsc /MD /std:c++14"
PM_CL="/BE /c /EHsc /MDd /std:c++17 /permissive-"
PM_CL="/BE /c /EHsc /MT /std:c++20 /permissive-"
PM_CL="/BE /c /EHsc /MTd /std:c++latest /permissive-"
PM_COMPILER="clang-cl" PM_CL="-fno-ms-compatibility -fno-delayed-template-parsing -Wno-unqualified-std-cast-call /EHsc /MD /std:c++14"
PM_COMPILER="clang-cl" PM_CL="-fno-ms-compatibility -fno-delayed-template-parsing -Wno-unqualified-std-cast-call /EHsc /MDd /std:c++17"
PM_COMPILER="clang-cl" PM_CL="-fno-ms-compatibility -fno-delayed-template-parsing -Wno-unqualified-std-cast-call /EHsc /MT /std:c++20 /permissive-"
PM_COMPILER="clang-cl" PM_CL="-fno-ms-compatibility -fno-delayed-template-parsing -Wno-unqualified-std-cast-call /EHsc /MTd /std:c++latest /permissive- /fp:strict"
PM_COMPILER="clang-cl" PM_CL="-fno-ms-compatibility -fno-delayed-template-parsing -Wno-unqualified-std-cast-call /EHsc /MT /std:c++latest /permissive- /fp:strict -fsanitize=undefined -fno-sanitize-recover=undefined"
