# Copyright (c) Microsoft Corporation.
# SPDX-License-Identifier: Apache-2.0 WITH LLVM-exception

RUNALL_INCLUDE .\prefix.lst
RUNALL_CROSSLIST
PM_CL="/DNO_TEST_ENVIRONMENT_PREPARER /EHsc /MTd /std:c++latest /permissive- /fp:strict /w14640 /Zc:threadSafeInit-"
PM_COMPILER="clang-cl" PM_CL="/DNO_TEST_ENVIRONMENT_PREPARER -fno-ms-compatibility -fno-delayed-template-parsing /EHsc /MTd /std:c++latest /permissive- /fp:strict /w14640 /Zc:threadSafeInit-"
RUNALL_CROSSLIST
PM_CL="/DMEOW_HEADER=algorithm"
PM_CL="/DMEOW_HEADER=any"
PM_CL="/DMEOW_HEADER=array"
PM_CL="/DMEOW_HEADER=atomic"
PM_CL="/DMEOW_HEADER=barrier"
PM_CL="/DMEOW_HEADER=bit"
PM_CL="/DMEOW_HEADER=bitset"
PM_CL="/DMEOW_HEADER=charconv"
PM_CL="/DMEOW_HEADER=chrono"
PM_CL="/DMEOW_HEADER=codecvt"
PM_CL="/DMEOW_HEADER=compare"
PM_CL="/DMEOW_HEADER=complex"
PM_CL="/DMEOW_HEADER=concepts"
PM_CL="/DMEOW_HEADER=condition_variable"
PM_CL="/DMEOW_HEADER=coroutine"
PM_CL="/DMEOW_HEADER=deque"
PM_CL="/DMEOW_HEADER=exception"
PM_CL="/DMEOW_HEADER=execution"
PM_CL="/DMEOW_HEADER=expected"
PM_CL="/DMEOW_HEADER=filesystem"
PM_CL="/DMEOW_HEADER=format"
PM_CL="/DMEOW_HEADER=forward_list"
PM_CL="/DMEOW_HEADER=fstream"
PM_CL="/DMEOW_HEADER=functional"
PM_CL="/DMEOW_HEADER=future"
PM_CL="/DMEOW_HEADER=initializer_list"
PM_CL="/DMEOW_HEADER=iomanip"
PM_CL="/DMEOW_HEADER=ios"
PM_CL="/DMEOW_HEADER=iosfwd"
PM_CL="/DMEOW_HEADER=iostream"
PM_CL="/DMEOW_HEADER=iso646.h"
PM_CL="/DMEOW_HEADER=istream"
PM_CL="/DMEOW_HEADER=iterator"
PM_CL="/DMEOW_HEADER=latch"
PM_CL="/DMEOW_HEADER=limits"
PM_CL="/DMEOW_HEADER=list"
PM_CL="/DMEOW_HEADER=locale"
PM_CL="/DMEOW_HEADER=map"
PM_CL="/DMEOW_HEADER=memory"
PM_CL="/DMEOW_HEADER=memory_resource"
PM_CL="/DMEOW_HEADER=mutex"
PM_CL="/DMEOW_HEADER=new"
PM_CL="/DMEOW_HEADER=numbers"
PM_CL="/DMEOW_HEADER=numeric"
PM_CL="/DMEOW_HEADER=optional"
PM_CL="/DMEOW_HEADER=ostream"
PM_CL="/DMEOW_HEADER=queue"
PM_CL="/DMEOW_HEADER=random"
PM_CL="/DMEOW_HEADER=ranges"
PM_CL="/DMEOW_HEADER=ratio"
PM_CL="/DMEOW_HEADER=regex"
PM_CL="/DMEOW_HEADER=scoped_allocator"
PM_CL="/DMEOW_HEADER=semaphore"
PM_CL="/DMEOW_HEADER=set"
PM_CL="/DMEOW_HEADER=shared_mutex"
PM_CL="/DMEOW_HEADER=source_location"
PM_CL="/DMEOW_HEADER=span"
PM_CL="/DMEOW_HEADER=spanstream"
PM_CL="/DMEOW_HEADER=sstream"
PM_CL="/DMEOW_HEADER=stack"
PM_CL="/DMEOW_HEADER=stacktrace"
PM_CL="/DMEOW_HEADER=stdatomic.h"
PM_CL="/DMEOW_HEADER=stdexcept"
PM_CL="/DMEOW_HEADER=stop_token"
PM_CL="/DMEOW_HEADER=streambuf"
PM_CL="/DMEOW_HEADER=string"
PM_CL="/DMEOW_HEADER=string_view"
PM_CL="/DMEOW_HEADER=strstream"
PM_CL="/DMEOW_HEADER=syncstream"
PM_CL="/DMEOW_HEADER=system_error"
PM_CL="/DMEOW_HEADER=thread"
PM_CL="/DMEOW_HEADER=tuple"
PM_CL="/DMEOW_HEADER=type_traits"
PM_CL="/DMEOW_HEADER=typeindex"
PM_CL="/DMEOW_HEADER=typeinfo"
PM_CL="/DMEOW_HEADER=unordered_map"
PM_CL="/DMEOW_HEADER=unordered_set"
PM_CL="/DMEOW_HEADER=utility"
PM_CL="/DMEOW_HEADER=valarray"
PM_CL="/DMEOW_HEADER=variant"
PM_CL="/DMEOW_HEADER=vector"
PM_CL="/DMEOW_HEADER=version"
PM_CL="/DMEOW_HEADER=experimental/deque"
PM_CL="/DMEOW_HEADER=experimental/forward_list"
PM_CL="/DMEOW_HEADER=experimental/list"
PM_CL="/DMEOW_HEADER=experimental/map"
PM_CL="/DMEOW_HEADER=experimental/set"
PM_CL="/DMEOW_HEADER=experimental/string"
PM_CL="/DMEOW_HEADER=experimental/unordered_map"
PM_CL="/DMEOW_HEADER=experimental/unordered_set"
PM_CL="/DMEOW_HEADER=experimental/vector"
PM_CL="/DMEOW_HEADER=cassert"
PM_CL="/DMEOW_HEADER=ccomplex /D_SILENCE_CXX17_C_HEADER_DEPRECATION_WARNING"
PM_CL="/DMEOW_HEADER=cctype"
PM_CL="/DMEOW_HEADER=cerrno"
PM_CL="/DMEOW_HEADER=cfenv"
PM_CL="/DMEOW_HEADER=cfloat"
PM_CL="/DMEOW_HEADER=cinttypes"
PM_CL="/DMEOW_HEADER=ciso646 /D_SILENCE_CXX20_CISO646_REMOVED_WARNING"
PM_CL="/DMEOW_HEADER=climits"
PM_CL="/DMEOW_HEADER=clocale"
PM_CL="/DMEOW_HEADER=cmath"
PM_CL="/DMEOW_HEADER=csetjmp"
PM_CL="/DMEOW_HEADER=csignal"
PM_CL="/DMEOW_HEADER=cstdalign /D_SILENCE_CXX17_C_HEADER_DEPRECATION_WARNING"
PM_CL="/DMEOW_HEADER=cstdarg"
PM_CL="/DMEOW_HEADER=cstdbool /D_SILENCE_CXX17_C_HEADER_DEPRECATION_WARNING"
PM_CL="/DMEOW_HEADER=cstddef"
PM_CL="/DMEOW_HEADER=cstdint"
PM_CL="/DMEOW_HEADER=cstdio"
PM_CL="/DMEOW_HEADER=cstdlib"
PM_CL="/DMEOW_HEADER=cstring"
PM_CL="/DMEOW_HEADER=ctgmath /D_SILENCE_CXX17_C_HEADER_DEPRECATION_WARNING"
PM_CL="/DMEOW_HEADER=ctime"
PM_CL="/DMEOW_HEADER=cuchar"
PM_CL="/DMEOW_HEADER=cwchar"
PM_CL="/DMEOW_HEADER=cwctype"
PM_CL="/DMEOW_HEADER=hash_map /D_SILENCE_STDEXT_HASH_DEPRECATION_WARNINGS"
PM_CL="/DMEOW_HEADER=hash_set /D_SILENCE_STDEXT_HASH_DEPRECATION_WARNINGS"
PM_CL="/DMEOW_HEADER=experimental/filesystem /D_SILENCE_EXPERIMENTAL_FILESYSTEM_DEPRECATION_WARNING"
