# Copyright (c) Microsoft Corporation.
# SPDX-License-Identifier: Apache-2.0 WITH LLVM-exception

RUNALL_INCLUDE ..\..\universal_prefix.lst
RUNALL_CROSSLIST
*	PM_CL="/w14365 /D_ENFORCE_FACET_SPECIALIZATIONS=1"
RUNALL_CROSSLIST
*	PM_CL="/w14640 /Zc:threadSafeInit- /EHsc /DTEST_STANDARD=20 /std:c++20"
*	PM_CL="/w14640 /Zc:threadSafeInit- /EHsc /DTEST_STANDARD=23 /std:c++latest"
RUNALL_CROSSLIST
PM_CL="/MD /Zc:preprocessor"
ASAN	PM_CL="/MD /Zc:preprocessor -fsanitize=address /Zi" PM_LINK="/debug"
PM_CL="/MDd /Zc:preprocessor"
ASAN	PM_CL="/MDd /Zc:preprocessor -fsanitize=address /Zi" PM_LINK="/debug"
PM_CL="/MT /Zc:preprocessor"
ASAN	PM_CL="/MT /Zc:preprocessor -fsanitize=address /Zi" PM_LINK="/debug"
PM_CL="/MTd /Zc:preprocessor"
ASAN	PM_CL="/MTd /Zc:preprocessor -fsanitize=address /Zi" PM_LINK="/debug"
PM_CL="/MDd /analyze:only /analyze:autolog- /Zc:preprocessor"
ASAN	PM_CL="/MDd /analyze:only /analyze:autolog- /Zc:preprocessor -fsanitize=address /Zi" PM_LINK="/debug"
PM_CL="/MDd /GR- /D_HAS_STATIC_RTTI=0 /Zc:preprocessor"
ASAN	PM_CL="/MDd /GR- /D_HAS_STATIC_RTTI=0 /Zc:preprocessor -fsanitize=address /Zi" PM_LINK="/debug"
PM_CL="/MDd /utf-8 /Zc:preprocessor"
ASAN	PM_CL="/MDd /utf-8 /Zc:preprocessor -fsanitize=address /Zi" PM_LINK="/debug"
PM_COMPILER="clang-cl" PM_CL="-fprebuilt-module-path=. -Wno-unqualified-std-cast-call /MD"
PM_COMPILER="clang-cl" PM_CL="-fprebuilt-module-path=. -Wno-unqualified-std-cast-call /MTd"
PM_COMPILER="clang-cl" PM_CL="-fprebuilt-module-path=. -Wno-unqualified-std-cast-call /MT"
