# Copyright (c) Microsoft Corporation.
# SPDX-License-Identifier: Apache-2.0 WITH LLVM-exception

# This file is identical to concepts_latest_matrix.lst, except that all configurations include /permissive-.

RUNALL_INCLUDE .\prefix.lst
RUNALL_CROSSLIST
PM_CL="/w14640 /Zc:threadSafeInit- /EHsc /std:c++latest /permissive-"
RUNALL_CROSSLIST
PM_CL="/MD /D_ITERATOR_DEBUG_LEVEL=0 /Zc:noexceptTypes-"
PM_CL="/MD /D_ITERATOR_DEBUG_LEVEL=1"
PM_CL="/MD /D_ITERATOR_DEBUG_LEVEL=0 /Zc:char8_t- /Zc:preprocessor"
PM_CL="/MDd /D_ITERATOR_DEBUG_LEVEL=0 /Zc:wchar_t-"
PM_CL="/MDd /D_ITERATOR_DEBUG_LEVEL=1"
PM_CL="/MDd /D_ITERATOR_DEBUG_LEVEL=2 /fp:except /Zc:preprocessor"
PM_CL="/MT /D_ITERATOR_DEBUG_LEVEL=0"
PM_CL="/MT /D_ITERATOR_DEBUG_LEVEL=0 /analyze:only /analyze:autolog-"
PM_CL="/MT /D_ITERATOR_DEBUG_LEVEL=1"
PM_CL="/MTd /D_ITERATOR_DEBUG_LEVEL=0 /fp:strict"
PM_CL="/MTd /D_ITERATOR_DEBUG_LEVEL=1"
PM_CL="/MTd /D_ITERATOR_DEBUG_LEVEL=2"
PM_CL="/MTd /D_ITERATOR_DEBUG_LEVEL=2 /analyze:only /analyze:autolog-"
# PM_CL="/BE /c /MD"
# PM_CL="/BE /c /MTd"
PM_COMPILER="clang-cl" PM_CL="-fno-ms-compatibility -fno-delayed-template-parsing -Wno-unqualified-std-cast-call /MD"
PM_COMPILER="clang-cl" PM_CL="-fno-ms-compatibility -fno-delayed-template-parsing -Wno-unqualified-std-cast-call /MTd /fp:strict"
PM_COMPILER="clang-cl" PM_CL="-fno-ms-compatibility -fno-delayed-template-parsing -Wno-unqualified-std-cast-call /MT /fp:strict -fsanitize=undefined -fno-sanitize-recover=undefined"
