# Copyright (c) Microsoft Corporation.
# SPDX-License-Identifier: Apache-2.0 WITH LLVM-exception

# This file is identical to usual_20_matrix.lst, except that all configurations include /permissive-.

RUNALL_INCLUDE .\prefix.lst
RUNALL_CROSSLIST
*	PM_CL="/w14640 /Zc:threadSafeInit- /permissive-"
RUNALL_CROSSLIST
PM_CL="/EHsc /MD /D_ITERATOR_DEBUG_LEVEL=0 /std:c++20 /Zc:noexceptTypes-"
ASAN	PM_CL="/EHsc /MD /std:c++20 /Zc:noexceptTypes- -fsanitize=address /Zi" PM_LINK="/debug"
PM_CL="/EHsc /MD /D_ITERATOR_DEBUG_LEVEL=1 /std:c++latest"
ASAN	PM_CL="/EHsc /MD /std:c++latest -fsanitize=address /Zi" PM_LINK="/debug"
PM_CL="/EHsc /MD /D_ITERATOR_DEBUG_LEVEL=0 /std:c++latest /Zc:char8_t- /Zc:preprocessor"
ASAN	PM_CL="/EHsc /MD /std:c++latest /Zc:char8_t- /Zc:preprocessor -fsanitize=address /Zi" PM_LINK="/debug"
PM_CL="/EHsc /MDd /D_ITERATOR_DEBUG_LEVEL=0 /std:c++latest /Zc:wchar_t-"
ASAN	PM_CL="/EHsc /MDd /std:c++latest /Zc:wchar_t- -fsanitize=address /Zi" PM_LINK="/debug"
PM_CL="/EHsc /MDd /D_ITERATOR_DEBUG_LEVEL=1 /std:c++latest"
ASAN	PM_CL="/EHsc /MDd /std:c++latest -fsanitize=address /Zi" PM_LINK="/debug"
PM_CL="/EHsc /MDd /D_ITERATOR_DEBUG_LEVEL=2 /std:c++20 /fp:except /Zc:preprocessor"
ASAN	PM_CL="/EHsc /MDd /std:c++20 /fp:except /Zc:preprocessor -fsanitize=address /Zi" PM_LINK="/debug"
PM_CL="/EHsc /MT /D_ITERATOR_DEBUG_LEVEL=0 /std:c++latest"
ASAN	PM_CL="/EHsc /MT /std:c++latest -fsanitize=address /Zi" PM_LINK="/debug"
PM_CL="/EHsc /MT /D_ITERATOR_DEBUG_LEVEL=0 /std:c++latest /analyze:only /analyze:autolog-"
ASAN	PM_CL="/EHsc /MT /std:c++latest /analyze:only /analyze:autolog- -fsanitize=address /Zi" PM_LINK="/debug"
PM_CL="/EHsc /MT /D_ITERATOR_DEBUG_LEVEL=1 /std:c++latest"
# No corresponding ASAN config, since the above differs from another config only in IDL
PM_CL="/EHsc /MTd /D_ITERATOR_DEBUG_LEVEL=0 /std:c++latest /fp:strict"
ASAN	PM_CL="/EHsc /MTd /std:c++latest /fp:strict -fsanitize=address /Zi" PM_LINK="/debug"
PM_CL="/EHsc /MTd /D_ITERATOR_DEBUG_LEVEL=1 /std:c++latest"
ASAN	PM_CL="/EHsc /MTd /std:c++latest -fsanitize=address /Zi" PM_LINK="/debug"
PM_CL="/EHsc /MTd /D_ITERATOR_DEBUG_LEVEL=2 /std:c++latest"
# No corresponding ASAN config, since the above differs from another config only in IDL
PM_CL="/EHsc /MTd /D_ITERATOR_DEBUG_LEVEL=2 /std:c++latest /analyze:only /analyze:autolog-"
ASAN	PM_CL="/EHsc /MTd /std:c++latest /analyze:only /analyze:autolog- -fsanitize=address /Zi" PM_LINK="/debug"
PM_CL="/clr /MD /std:c++20"
PM_CL="/clr /MDd /std:c++20"
PM_CL="/std:c++20 /BE /c /EHsc /MD"
PM_CL="/std:c++latest /BE /c /EHsc /MTd"
PM_COMPILER="clang-cl" PM_CL="-fno-ms-compatibility -fno-delayed-template-parsing -Wno-unqualified-std-cast-call /EHsc /std:c++20 /MD"
PM_COMPILER="clang-cl" PM_CL="-fno-ms-compatibility -fno-delayed-template-parsing -Wno-unqualified-std-cast-call /EHsc /std:c++latest /MTd /fp:strict"
PM_COMPILER="clang-cl" PM_CL="-fno-ms-compatibility -fno-delayed-template-parsing -Wno-unqualified-std-cast-call /EHsc /std:c++latest /MT /fp:strict -fsanitize=undefined -fno-sanitize-recover=undefined"
