# Copyright (c) Microsoft Corporation.
# SPDX-License-Identifier: Apache-2.0 WITH LLVM-exception

# This file is identical to concepts_20_matrix.lst, except that all configurations include /permissive-.

RUNALL_INCLUDE .\prefix.lst
RUNALL_CROSSLIST
PM_CL="/w14640 /Zc:threadSafeInit- /EHsc /permissive-"
RUNALL_CROSSLIST
PM_CL="/MD /D_ITERATOR_DEBUG_LEVEL=0 /std:c++20 /Zc:noexceptTypes-"
PM_CL="/MD /D_ITERATOR_DEBUG_LEVEL=1 /std:c++latest"
PM_CL="/MD /D_ITERATOR_DEBUG_LEVEL=0 /std:c++latest /Zc:char8_t- /Zc:preprocessor"
PM_CL="/MDd /D_ITERATOR_DEBUG_LEVEL=0 /std:c++latest /Zc:wchar_t-"
PM_CL="/MDd /D_ITERATOR_DEBUG_LEVEL=1 /std:c++latest"
PM_CL="/MDd /D_ITERATOR_DEBUG_LEVEL=2 /std:c++20 /fp:except /Zc:preprocessor"
PM_CL="/MT /D_ITERATOR_DEBUG_LEVEL=0 /std:c++latest"
PM_CL="/MT /D_ITERATOR_DEBUG_LEVEL=0 /std:c++latest /analyze:only /analyze:autolog-"
PM_CL="/MT /D_ITERATOR_DEBUG_LEVEL=1 /std:c++latest"
PM_CL="/MTd /D_ITERATOR_DEBUG_LEVEL=0 /std:c++latest /fp:strict"
PM_CL="/MTd /D_ITERATOR_DEBUG_LEVEL=1 /std:c++latest"
PM_CL="/MTd /D_ITERATOR_DEBUG_LEVEL=2 /std:c++latest"
PM_CL="/MTd /D_ITERATOR_DEBUG_LEVEL=2 /std:c++latest /analyze:only /analyze:autolog-"
# PM_CL="/std:c++20 /BE /c /MD"
# PM_CL="/std:c++latest /BE /c /MTd"
PM_COMPILER="clang-cl" PM_CL="-fno-ms-compatibility -fno-delayed-template-parsing /std:c++20 /MD"
PM_COMPILER="clang-cl" PM_CL="-fno-ms-compatibility -fno-delayed-template-parsing /std:c++latest /MTd /fp:strict"
