# Copyright (c) Microsoft Corporation.
# SPDX-License-Identifier: Apache-2.0 WITH LLVM-exception

# When updating this file, also update tests\P0088R3_variant\env.lst to match

RUNALL_INCLUDE .\prefix.lst
RUNALL_CROSSLIST
PM_CL="/w14640 /Zc:threadSafeInit-"
RUNALL_CROSSLIST
PM_CL="/EHsc /MD /D_ITERATOR_DEBUG_LEVEL=0 /std:c++latest /permissive- /Zc:noexceptTypes-"
PM_CL="/EHsc /MD /D_ITERATOR_DEBUG_LEVEL=0 /std:c++17"
PM_CL="/EHsc /MD /D_ITERATOR_DEBUG_LEVEL=0 /std:c++20"
PM_CL="/EHsc /MD /D_ITERATOR_DEBUG_LEVEL=1 /std:c++latest /permissive-"
PM_CL="/EHsc /MD /D_ITERATOR_DEBUG_LEVEL=0 /std:c++latest /permissive- /Zc:char8_t- /Zc:preprocessor"
PM_CL="/EHsc /MDd /D_ITERATOR_DEBUG_LEVEL=0 /std:c++latest /permissive- /Zc:wchar_t-"
PM_CL="/EHsc /MDd /D_ITERATOR_DEBUG_LEVEL=1 /std:c++latest /permissive-"
PM_CL="/EHsc /MDd /D_ITERATOR_DEBUG_LEVEL=2 /std:c++latest /permissive- /fp:except /Zc:preprocessor"
PM_CL="/EHsc /MDd /D_ITERATOR_DEBUG_LEVEL=2 /std:c++17 /permissive-"
PM_CL="/EHsc /MDd /D_ITERATOR_DEBUG_LEVEL=2 /std:c++20 /permissive-"
PM_CL="/EHsc /MT /D_ITERATOR_DEBUG_LEVEL=0 /std:c++latest /permissive-"
PM_CL="/EHsc /MT /D_ITERATOR_DEBUG_LEVEL=0 /std:c++latest /permissive- /analyze:only /analyze:autolog-"
PM_CL="/EHsc /MT /D_ITERATOR_DEBUG_LEVEL=1 /std:c++latest /permissive-"
PM_CL="/EHsc /MTd /D_ITERATOR_DEBUG_LEVEL=0 /std:c++latest /permissive- /fp:strict"
PM_CL="/EHsc /MTd /D_ITERATOR_DEBUG_LEVEL=1 /std:c++latest /permissive-"
PM_CL="/EHsc /MTd /D_ITERATOR_DEBUG_LEVEL=2 /std:c++latest /permissive"
PM_CL="/EHsc /MTd /D_ITERATOR_DEBUG_LEVEL=2 /std:c++latest /permissive- /analyze:only /analyze:autolog-"
PM_CL="/clr /MD /std:c++17"
PM_CL="/clr /MDd /std:c++17"
PM_CL="/BE /c /EHsc /MD /std:c++latest /permissive-"
PM_CL="/BE /c /EHsc /MDd /std:c++17 /permissive-"
PM_CL="/BE /c /EHsc /MT /std:c++20 /permissive-"
PM_CL="/BE /c /EHsc /MTd /std:c++latest /permissive-"
PM_COMPILER="clang-cl" PM_CL="-fno-ms-compatibility -fno-delayed-template-parsing /EHsc /MD /std:c++latest /permissive-"
PM_COMPILER="clang-cl" PM_CL="-fno-ms-compatibility -fno-delayed-template-parsing /EHsc /MDd /std:c++17"
PM_COMPILER="clang-cl" PM_CL="-fno-ms-compatibility -fno-delayed-template-parsing /EHsc /MT /std:c++20 /permissive-"
PM_COMPILER="clang-cl" PM_CL="-fno-ms-compatibility -fno-delayed-template-parsing /EHsc /MTd /std:c++latest /permissive- /fp:strict"
