# Copyright (c) Microsoft Corporation.
# SPDX-License-Identifier: Apache-2.0 WITH LLVM-exception

RUNALL_INCLUDE .\prefix.lst
RUNALL_CROSSLIST
PM_CL="/w14640 /Zc:threadSafeInit- /EHsc"
RUNALL_CROSSLIST
PM_CL="/MD /D_ITERATOR_DEBUG_LEVEL=0 /std:c++20 /permissive- /Zc:noexceptTypes-"
PM_CL="/MD /D_ITERATOR_DEBUG_LEVEL=1 /std:c++latest /permissive-"
PM_CL="/MD /D_ITERATOR_DEBUG_LEVEL=0 /std:c++latest /permissive- /Zc:char8_t-"
PM_CL="/MDd /D_ITERATOR_DEBUG_LEVEL=0 /std:c++latest /permissive- /Zc:wchar_t- /Zc:preprocessor"
PM_CL="/MDd /D_ITERATOR_DEBUG_LEVEL=1 /std:c++latest /permissive-"
PM_CL="/MDd /D_ITERATOR_DEBUG_LEVEL=2 /std:c++20 /permissive- /fp:except /Zc:preprocessor"
PM_CL="/MT /D_ITERATOR_DEBUG_LEVEL=0 /std:c++latest /permissive-"
PM_CL="/MT /D_ITERATOR_DEBUG_LEVEL=0 /std:c++latest /permissive- /analyze:only /analyze:autolog-"
PM_CL="/MT /D_ITERATOR_DEBUG_LEVEL=1 /std:c++latest /permissive-"
PM_CL="/MTd /D_ITERATOR_DEBUG_LEVEL=0 /std:c++latest /permissive- /fp:strict"
PM_CL="/MTd /D_ITERATOR_DEBUG_LEVEL=1 /std:c++latest /permissive-"
PM_CL="/MTd /D_ITERATOR_DEBUG_LEVEL=2 /std:c++latest /permissive"
PM_CL="/MTd /D_ITERATOR_DEBUG_LEVEL=2 /std:c++latest /permissive- /analyze:only /analyze:autolog-"
PM_CL="/BE /c /MD /std:c++20 /permissive-"
PM_CL="/BE /c /MTd /std:c++latest /permissive-"
PM_COMPILER="clang-cl" PM_CL="-fno-ms-compatibility -fno-delayed-template-parsing /std:c++20 /permissive- /MD"
PM_COMPILER="clang-cl" PM_CL="-fno-ms-compatibility -fno-delayed-template-parsing /std:c++latest /permissive- /MTd /fp:strict"
